[syra.pikarthouse.com/index.html]
[backblue.gif]
[fade.gif]
[index.html]
[syra.pikarthouse.com/wp-includes/js/jquery/jquery4a5f.js]
[syra.pikarthouse.com/comments/feed/index.html]
[syra.pikarthouse.com/feed/index.html]
[syra.pikarthouse.com/wp-includes/wlwmanifest.xml]
[syra.pikarthouse.com/wp-json/index.html]
[syra.pikarthouse.com/wp-json/oembed/1.0/embedf8d3.json]
[syra.pikarthouse.com/wp-json/oembed/1.0/embed356e]
[syra.pikarthouse.com/wp-content/uploads/2019/03/cropped-favicon5-32x32.jpg]
[syra.pikarthouse.com/wp-content/uploads/2019/03/cropped-favicon5-192x192.jpg]
[syra.pikarthouse.com/wp-content/uploads/2019/03/cropped-favicon5-180x180.jpg]
[syra.pikarthouse.com/wp-content/uploads/2019/10/media_001.jpg]
[syra.pikarthouse.com/studio-showcase/index.html]
[syra.pikarthouse.com/wp-content/uploads/2019/10/media_002.jpg]
[syra.pikarthouse.com/wp-content/uploads/2019/11/media_125.jpg]
[syra.pikarthouse.com/masonry-layout/index.html]
[syra.pikarthouse.com/parallax-grid/index.html]
[syra.pikarthouse.com/wp-content/uploads/2019/10/media_004.jpg]
[syra.pikarthouse.com/wp-content/uploads/2019/10/media_video.mp4]
[syra.pikarthouse.com/about-us/index.html]
[syra.pikarthouse.com/wp-content/uploads/2019/10/media_005.jpg]
[syra.pikarthouse.com/journal/index.html]
[syra.pikarthouse.com/wp-content/uploads/2019/10/media_006.jpg]
[syra.pikarthouse.com/parallax-blog/index.html]
[syra.pikarthouse.com/wp-content/uploads/2019/10/media_007.jpg]
[syra.pikarthouse.com/project/design-thinking/index.html]
[syra.pikarthouse.com/project/vivid-romance/index.html]
[syra.pikarthouse.com/project-category/creative/index.html]
[syra.pikarthouse.com/project/pure-fantasy/index.html]
[syra.pikarthouse.com/project/minimalism/index.html]
[syra.pikarthouse.com/wp-content/uploads/2019/10/media_008.jpg]
[syra.pikarthouse.com/wp-content/uploads/2019/10/media_009.jpg]
[syra.pikarthouse.com/project-category/photography/index.html]
[syra.pikarthouse.com/project-category/art-direction/index.html]
[syra.pikarthouse.com/wp-content/uploads/2019/10/media_010_.jpg]
[syra.pikarthouse.com/project-category/studio/index.html]
[syra.pikarthouse.com/wp-content/uploads/2019/10/media_011.jpg]
[syra.pikarthouse.com/wp-content/uploads/2019/10/media_012.jpg]
[syra.pikarthouse.com/wp-content/uploads/2019/10/media_013.jpg]
[syra.pikarthouse.com/indexfc3c.html]
[syra.pikarthouse.com/index3354.html]
[syra.pikarthouse.com/wp-content/uploads/2019/10/media_014.jpg]
[syra.pikarthouse.com/project/stories-for-monday/index.html]
[syra.pikarthouse.com/index3b99.html]
[syra.pikarthouse.com/project/dreaming-the-heights/index.html]
[syra.pikarthouse.com/project/abstract-space/index.html]
[syra.pikarthouse.com/wp-content/uploads/2019/10/media_015.jpg]
[syra.pikarthouse.com/project/lucis-secrets/index.html]
[syra.pikarthouse.com/project/design-concept/index.html]
[syra.pikarthouse.com/project/infinity-branding/index.html]
[syra.pikarthouse.com/wp-content/uploads/2019/10/media_016.jpg]
[syra.pikarthouse.com/project/nocturnal-typeface/index.html]
[syra.pikarthouse.com/project/photo-guidance/index.html]
[syra.pikarthouse.com/project/fashion-exhibition/index.html]
[syra.pikarthouse.com/wp-content/cache/autoptimize/1/js/autoptimize_c3d609e7eb334d759c1361b9921a78d7.js]
[syra.pikarthouse.com/project/daily-habitat/index.html]
[syra.pikarthouse.com/index.html]
[syra.pikarthouse.com/project/maya-stepper/index.html]
[syra.pikarthouse.com/project/poster-collection/index.html]
[syra.pikarthouse.com/wp-content/plugins/pikart-base/assets/vendor/font-awesome/fonts/fontawesome-webfont3e6e.eot]
[syra.pikarthouse.com/wp-content/themes/syra/assets/css/fonts/Simple-Line-Iconsb26c.eot]
[syra.pikarthouse.com/wp-content/cache/autoptimize/1/css/autoptimize_d4cae71a84d69025489d73c1edf59692.css]
[syra.pikarthouse.com/wp-json/oembed/1.0/embed53eb.json]
[syra.pikarthouse.com/wp-json/oembed/1.0/embed94fd]
[syra.pikarthouse.com/wp-content/uploads/2019/11/media_127.jpg]
[syra.pikarthouse.com/project/abstract-life/index.html]
[syra.pikarthouse.com/wp-content/uploads/2019/11/media_126.jpg]
[syra.pikarthouse.com/studio-showcase/index.html]
[syra.pikarthouse.com/project/smart-workspace/index.html]
[syra.pikarthouse.com/project/underwater/index.html]
[syra.pikarthouse.com/wp-json/oembed/1.0/embed3374.json]
[syra.pikarthouse.com/wp-json/oembed/1.0/embed5abb]
[syra.pikarthouse.com/parallax-grid/index.html]
[syra.pikarthouse.com/wp-json/oembed/1.0/embed2757.json]
[syra.pikarthouse.com/project/upside-down/index.html]
[syra.pikarthouse.com/project/blonde-beauty/index.html]
[syra.pikarthouse.com/tag/abstract/index.html]
[syra.pikarthouse.com/tag/beauty/index.html]
[syra.pikarthouse.com/wp-json/oembed/1.0/embedecfb]
[syra.pikarthouse.com/tag/branding/index.html]
[syra.pikarthouse.com/tag/bold/index.html]
[syra.pikarthouse.com/masonry-layout/index.html]
[syra.pikarthouse.com/tag/creative/index.html]
[syra.pikarthouse.com/tag/cool/index.html]
[syra.pikarthouse.com/tag/editorial/index.html]
[syra.pikarthouse.com/tag/hobby/index.html]
[syra.pikarthouse.com/tag/identity/index.html]
[syra.pikarthouse.com/tag/light/index.html]
[syra.pikarthouse.com/tag/magazine/index.html]
[syra.pikarthouse.com/wp-json/oembed/1.0/embed78c9.json]
[syra.pikarthouse.com/tag/model/index.html]
[syra.pikarthouse.com/tag/travel/index.html]
[syra.pikarthouse.com/tag/visual/index.html]
[syra.pikarthouse.com/tag/typography/index.html]
[syra.pikarthouse.com/physics-and-lyrics/index.html]
[syra.pikarthouse.com/birth-of-fashion/index.html]
[syra.pikarthouse.com/wp-json/oembed/1.0/embedcdc8]
[syra.pikarthouse.com/my-blogging-success-story/index.html]
[syra.pikarthouse.com/the-pattern-game/index.html]
[syra.pikarthouse.com/wp-content/uploads/2019/10/media_123.jpg]
[syra.pikarthouse.com/wp-content/uploads/2019/10/media_124-1024x476.png]
[syra.pikarthouse.com/hobbies-are-vital/index.html]
[syra.pikarthouse.com/about-us/index.html]
[syra.pikarthouse.com/2019/07/index.html]
[syra.pikarthouse.com/wp-json/oembed/1.0/embed3261.json]
[syra.pikarthouse.com/wp-json/oembed/1.0/embed6b91]
[syra.pikarthouse.com/wp-content/uploads/2019/10/media_103.jpg]
[syra.pikarthouse.com/wp-content/uploads/2019/10/media_104.jpg]
[syra.pikarthouse.com/wp-content/uploads/2019/10/media_106.jpg]
[syra.pikarthouse.com/wp-content/uploads/2019/10/media_105.jpg]
[syra.pikarthouse.com/wp-content/uploads/2019/10/media_107.jpg]
[syra.pikarthouse.com/journal/index120d.html]
[syra.pikarthouse.com/journal/index9d9e.html]
[syra.pikarthouse.com/wp-content/uploads/2019/10/media_108.jpg]
[syra.pikarthouse.com/journal/index14f1.html]
[syra.pikarthouse.com/wp-content/uploads/2019/10/media_109.jpg]
[syra.pikarthouse.com/journal/index.html]
[syra.pikarthouse.com/journal/index0662.html]
[syra.pikarthouse.com/journal/index6c54.html]
[syra.pikarthouse.com/delights-of-exploring/index.html]
[syra.pikarthouse.com/public-art-festival/index.html]
[syra.pikarthouse.com/launch-career-in-fashion/index.html]
[syra.pikarthouse.com/pure-imagination/index.html]
[syra.pikarthouse.com/journal/page/2/index.html]
[syra.pikarthouse.com/wp-json/oembed/1.0/embed7db1.json]
[syra.pikarthouse.com/inspired-by-nature/index.html]
[syra.pikarthouse.com/wp-json/oembed/1.0/embedf024]
[syra.pikarthouse.com/wp-content/uploads/2019/11/media_129.jpg]
[syra.pikarthouse.com/wp-content/uploads/2019/10/media_110.jpg]
[syra.pikarthouse.com/wp-content/uploads/2019/10/media_031.jpg]
[syra.pikarthouse.com/parallax-blog/index.html]
[syra.pikarthouse.com/parallax-blog/index120d.html]
[syra.pikarthouse.com/parallax-blog/index9d9e.html]
[syra.pikarthouse.com/wp-json/oembed/1.0/embed4d87.json]
[syra.pikarthouse.com/pop-art-movement/index.html]
[syra.pikarthouse.com/parallax-blog/index14f1.html]
[syra.pikarthouse.com/parallax-blog/index6c54.html]
[syra.pikarthouse.com/report-writing/index.html]
[syra.pikarthouse.com/music-as-medicine/index.html]
[syra.pikarthouse.com/wp-json/oembed/1.0/embedb792]
[syra.pikarthouse.com/project/design-thinking/feed/index.html]
[syra.pikarthouse.com/wp-content/uploads/2019/10/media_017.jpg]
[syra.pikarthouse.com/wp-content/uploads/2019/10/media_017-768x1024.jpg]
[syra.pikarthouse.com/wp-content/uploads/2019/10/media_018.jpg]
[syra.pikarthouse.com/wp-content/uploads/2019/10/media_019.jpg]
[syra.pikarthouse.com/wp-content/uploads/2019/10/media_020.jpg]
[syra.pikarthouse.com/wp-content/uploads/2019/10/media_021.jpg]
[syra.pikarthouse.com/wp-content/uploads/2019/10/media_021-768x1024.jpg]
[syra.pikarthouse.com/wp-content/cache/autoptimize/1/js/autoptimize_630d546ae098b15b9989cdd16bcea3f5.js]
[syra.pikarthouse.com/project/design-thinking/index.html]
[syra.pikarthouse.com/project/design-thinking/index06ab.html]
[syra.pikarthouse.com/project/design-thinking/indexf970.html]
[syra.pikarthouse.com/project/design-thinking/index954a.html]
[syra.pikarthouse.com/wp-json/oembed/1.0/embedc82a.json]
[syra.pikarthouse.com/project/vivid-romance/feed/index.html]
[syra.pikarthouse.com/project/design-thinking/index745d.html]
[syra.pikarthouse.com/wp-json/oembed/1.0/embed11ec]
[syra.pikarthouse.com/wp-content/uploads/2019/10/media_022.jpg]
[syra.pikarthouse.com/wp-content/uploads/2019/10/media_022-1024x683.jpg]
[syra.pikarthouse.com/wp-content/uploads/2019/10/media_023.jpg]
[syra.pikarthouse.com/wp-content/uploads/2019/10/media_023-1024x683.jpg]
[syra.pikarthouse.com/wp-content/uploads/2019/10/media_024.jpg]
[syra.pikarthouse.com/wp-content/uploads/2019/10/media_024-1024x683.jpg]
[syra.pikarthouse.com/wp-content/uploads/2019/10/media_027.jpg]
[syra.pikarthouse.com/wp-content/uploads/2019/10/media_027-1024x683.jpg]
[syra.pikarthouse.com/wp-content/uploads/2019/10/media_025.jpg]
[syra.pikarthouse.com/wp-content/uploads/2019/10/media_025-1024x683.jpg]
[syra.pikarthouse.com/wp-content/uploads/2019/10/media_026.jpg]
[syra.pikarthouse.com/wp-content/uploads/2019/10/media_026-1024x683.jpg]
[syra.pikarthouse.com/wp-content/uploads/2019/10/media_028.jpg]
[syra.pikarthouse.com/wp-content/uploads/2019/10/media_028-1024x683.jpg]
[syra.pikarthouse.com/wp-content/uploads/2019/10/media_029-1024x683.jpg]
[syra.pikarthouse.com/project/vivid-romance/index.html]
[syra.pikarthouse.com/wp-json/oembed/1.0/embeda40b.json]
[syra.pikarthouse.com/project/vivid-romance/index1dff.html]
[syra.pikarthouse.com/project/vivid-romance/index2320.html]
[syra.pikarthouse.com/wp-json/oembed/1.0/embedc927]
[syra.pikarthouse.com/project/minimalism/feed/index.html]
[syra.pikarthouse.com/wp-content/uploads/2019/10/media_030-683x1024.jpg]
[syra.pikarthouse.com/wp-content/uploads/2019/10/media_032.jpg]
[syra.pikarthouse.com/wp-content/uploads/2019/10/media_033.jpg]
[syra.pikarthouse.com/wp-content/uploads/2019/10/media_034-683x1024.jpg]
[syra.pikarthouse.com/project/minimalism/index.html]
[syra.pikarthouse.com/wp-json/oembed/1.0/embed1d41.json]
[syra.pikarthouse.com/project/pure-fantasy/feed/index.html]
[syra.pikarthouse.com/wp-json/oembed/1.0/embed6acd]
[syra.pikarthouse.com/wp-content/uploads/2019/10/media_035.jpg]
[syra.pikarthouse.com/wp-content/uploads/2019/10/media_036.jpg]
[syra.pikarthouse.com/wp-content/uploads/2019/10/media_036-1024x683.jpg]
[syra.pikarthouse.com/wp-content/uploads/2019/10/media_037_-1024x683.jpg]
[syra.pikarthouse.com/wp-content/uploads/2019/10/media_038.jpg]
[syra.pikarthouse.com/wp-content/uploads/2019/10/media_039-683x1024.jpg]
[syra.pikarthouse.com/wp-content/uploads/2019/10/media_040-683x1024.jpg]
[syra.pikarthouse.com/project/pure-fantasy/index.html]
[syra.pikarthouse.com/project-category/creative/index.html]
[syra.pikarthouse.com/project/pure-fantasy/index094c.html]
[syra.pikarthouse.com/project-category/photography/index.html]
[syra.pikarthouse.com/project/pure-fantasy/index06b6.html]
[syra.pikarthouse.com/project-category/creative/feed/index.html]
[syra.pikarthouse.com/project-category/art-direction/index.html]
[syra.pikarthouse.com/project-category/studio/index.html]
[syra.pikarthouse.com/project-category/photography/feed/index.html]
[syra.pikarthouse.com/project-category/art-direction/feed/index.html]
[syra.pikarthouse.com/project-category/studio/feed/index.html]
[syra.pikarthouse.com/indexfc3c.html]
[syra.pikarthouse.com/index3354.html]
[syra.pikarthouse.com/index3b99.html]
[syra.pikarthouse.com/wp-json/oembed/1.0/embed5dba.json]
[syra.pikarthouse.com/project/stories-for-monday/feed/index.html]
[syra.pikarthouse.com/wp-json/oembed/1.0/embed095d]
[syra.pikarthouse.com/wp-content/uploads/2019/10/media_041.jpg]
[syra.pikarthouse.com/wp-content/uploads/2019/10/media_042.jpg]
[syra.pikarthouse.com/project-category/advertising/index.html]
[syra.pikarthouse.com/wp-content/uploads/2019/10/media_043.jpg]
[syra.pikarthouse.com/project-category/concept/index.html]
[syra.pikarthouse.com/wp-content/uploads/2019/10/media_044.jpg]
[syra.pikarthouse.com/wp-content/uploads/2019/10/media_045.jpg]
[syra.pikarthouse.com/project/stories-for-monday/index.html]
[syra.pikarthouse.com/project/stories-for-monday/indexb951.html]
[syra.pikarthouse.com/project/stories-for-monday/index5a86.html]
[syra.pikarthouse.com/wp-json/oembed/1.0/embed61a5.json]
[syra.pikarthouse.com/project/abstract-space/feed/index.html]
[syra.pikarthouse.com/project/stories-for-monday/indexa82a.html]
[syra.pikarthouse.com/wp-json/oembed/1.0/embed4195]
[syra.pikarthouse.com/wp-content/uploads/2019/10/media_046.jpg]
[syra.pikarthouse.com/wp-content/uploads/2019/10/media_047.jpg]
[syra.pikarthouse.com/wp-content/uploads/2019/10/media_048_.jpg]
[syra.pikarthouse.com/wp-content/uploads/2019/10/media_049_.jpg]
[syra.pikarthouse.com/wp-content/uploads/2019/10/media_050.jpg]
[syra.pikarthouse.com/project/abstract-space/index.html]
[syra.pikarthouse.com/project/abstract-space/indexfaf1.html]
[syra.pikarthouse.com/project/abstract-space/index3ed4.html]
[syra.pikarthouse.com/project/abstract-space/index2e08.html]
[syra.pikarthouse.com/wp-json/oembed/1.0/embed44d3.json]
[syra.pikarthouse.com/project/dreaming-the-heights/feed/index.html]
[syra.pikarthouse.com/wp-json/oembed/1.0/embed6521]
[syra.pikarthouse.com/wp-content/uploads/2019/10/media_051.jpg]
[syra.pikarthouse.com/wp-content/uploads/2019/10/media_052.jpg]
[syra.pikarthouse.com/wp-content/uploads/2019/10/media_053.jpg]
[syra.pikarthouse.com/project/dreaming-the-heights/index.html]
[syra.pikarthouse.com/project-category/fashion/index.html]
[syra.pikarthouse.com/project-category/print/index.html]
[syra.pikarthouse.com/wp-json/oembed/1.0/embed4496.json]
[syra.pikarthouse.com/project/dreaming-the-heights/indexdb9d.html]
[syra.pikarthouse.com/project/dreaming-the-heights/indexd61b.html]
[syra.pikarthouse.com/project/dreaming-the-heights/index46e3.html]
[syra.pikarthouse.com/wp-json/oembed/1.0/embeda6ea]
[syra.pikarthouse.com/wp-content/uploads/2019/10/media_054.jpg]
[syra.pikarthouse.com/project/lucis-secrets/feed/index.html]
[syra.pikarthouse.com/wp-content/uploads/2019/10/media_055.jpg]
[syra.pikarthouse.com/wp-content/uploads/2019/10/media_055-1024x683.jpg]
[syra.pikarthouse.com/wp-content/uploads/2019/10/media_056.jpg]
[syra.pikarthouse.com/wp-content/uploads/2019/10/media_056-1024x683.jpg]
[syra.pikarthouse.com/wp-content/uploads/2019/10/media_057.jpg]
[syra.pikarthouse.com/wp-content/uploads/2019/10/media_057-1024x683.jpg]
[syra.pikarthouse.com/wp-content/uploads/2019/10/media_058.jpg]
[syra.pikarthouse.com/wp-content/uploads/2019/10/media_059.jpg]
[syra.pikarthouse.com/wp-content/uploads/2019/10/media_059-1024x683.jpg]
[syra.pikarthouse.com/project/lucis-secrets/index.html]
[syra.pikarthouse.com/wp-json/oembed/1.0/embed85d8.json]
[syra.pikarthouse.com/project/design-concept/feed/index.html]
[syra.pikarthouse.com/project/lucis-secrets/indexec27.html]
[syra.pikarthouse.com/project/lucis-secrets/indexdefb.html]
[syra.pikarthouse.com/wp-json/oembed/1.0/embeda75e]
[syra.pikarthouse.com/wp-content/uploads/2019/10/media_060.jpg]
[syra.pikarthouse.com/project/design-concept/index.html]
[syra.pikarthouse.com/wp-json/oembed/1.0/embeda2ca.json]
[syra.pikarthouse.com/project/design-concept/index3171.html]
[syra.pikarthouse.com/project/design-concept/index7693.html]
[syra.pikarthouse.com/project/infinity-branding/feed/index.html]
[syra.pikarthouse.com/wp-json/oembed/1.0/embed9406]
[syra.pikarthouse.com/wp-content/uploads/2019/10/media_061-768x1024.jpg]
[syra.pikarthouse.com/wp-content/uploads/2019/10/media_063.jpg]
[syra.pikarthouse.com/wp-content/uploads/2019/10/media_066.jpg]
[syra.pikarthouse.com/wp-content/uploads/2019/10/media_062.jpg]
[syra.pikarthouse.com/wp-content/uploads/2019/10/media_064-768x1024.jpg]
[syra.pikarthouse.com/wp-content/uploads/2019/10/media_065.jpg]
[syra.pikarthouse.com/wp-content/uploads/2019/10/media_067.jpg]
[syra.pikarthouse.com/project/infinity-branding/index.html]
[syra.pikarthouse.com/project-category/stories/index.html]
[syra.pikarthouse.com/project/infinity-branding/index6d69.html]
[syra.pikarthouse.com/project/infinity-branding/index3d09.html]
[syra.pikarthouse.com/project/infinity-branding/index61aa.html]
[syra.pikarthouse.com/project/infinity-branding/index2636.html]
[syra.pikarthouse.com/wp-json/oembed/1.0/embedbf9a.json]
[syra.pikarthouse.com/project/infinity-branding/indexc916.html]
[syra.pikarthouse.com/project/nocturnal-typeface/feed/index.html]
[syra.pikarthouse.com/wp-json/oembed/1.0/embeddf86]
[syra.pikarthouse.com/wp-content/uploads/2019/10/media_068.jpg]
[syra.pikarthouse.com/wp-content/uploads/2019/10/media_069.jpg]
[syra.pikarthouse.com/wp-content/uploads/2019/10/media_070-1024x683.jpg]
[syra.pikarthouse.com/wp-content/uploads/2019/10/media_071-1024x683.jpg]
[syra.pikarthouse.com/wp-content/uploads/2019/10/media_071-300x200.jpg]
[syra.pikarthouse.com/wp-content/uploads/2019/10/media_072-1024x683.jpg]
[syra.pikarthouse.com/wp-content/uploads/2019/10/media_073.png]
[syra.pikarthouse.com/wp-content/uploads/2019/10/media_074.jpg]
[syra.pikarthouse.com/wp-content/uploads/2019/10/media_075.jpg]
[syra.pikarthouse.com/project/nocturnal-typeface/index.html]
[syra.pikarthouse.com/project/nocturnal-typeface/index5cd6.html]
[syra.pikarthouse.com/wp-json/oembed/1.0/embedff16.json]
[syra.pikarthouse.com/project/photo-guidance/feed/index.html]
[syra.pikarthouse.com/project/nocturnal-typeface/index5785.html]
[syra.pikarthouse.com/wp-json/oembed/1.0/embedb592]
[syra.pikarthouse.com/wp-content/uploads/2019/10/media_076.jpg]
[syra.pikarthouse.com/wp-content/uploads/2019/10/media_077.jpg]
[syra.pikarthouse.com/wp-content/uploads/2019/10/media_079.jpg]
[syra.pikarthouse.com/wp-content/uploads/2019/10/media_078.jpg]
[syra.pikarthouse.com/wp-content/uploads/2019/10/media_080.jpg]
[syra.pikarthouse.com/wp-content/uploads/2019/10/media_081.jpg]
[syra.pikarthouse.com/wp-content/uploads/2019/10/media_082.jpg]
[syra.pikarthouse.com/wp-content/uploads/2019/10/media_084.jpg]
[syra.pikarthouse.com/wp-content/uploads/2019/10/media_083.jpg]
[syra.pikarthouse.com/project/photo-guidance/index.html]
[syra.pikarthouse.com/project/photo-guidance/indexf73b.html]
[syra.pikarthouse.com/project/photo-guidance/index0a88.html]
[syra.pikarthouse.com/project/photo-guidance/index39ab.html]
[syra.pikarthouse.com/wp-json/oembed/1.0/embedd6ea.json]
[syra.pikarthouse.com/project/photo-guidance/index9e16.html]
[syra.pikarthouse.com/project/daily-habitat/feed/index.html]
[syra.pikarthouse.com/project/photo-guidance/indexb621.html]
[syra.pikarthouse.com/wp-json/oembed/1.0/embed5b1a]
[syra.pikarthouse.com/wp-content/uploads/2019/10/media_085.jpg]
[syra.pikarthouse.com/wp-content/uploads/2019/10/media_086-1024x683.jpg]
[syra.pikarthouse.com/wp-content/uploads/2019/10/media_088-1024x683.jpg]
[syra.pikarthouse.com/wp-content/uploads/2019/10/media_087_-1024x683.jpg]
[syra.pikarthouse.com/wp-content/uploads/2019/10/media_089-1024x683.jpg]
[syra.pikarthouse.com/wp-content/uploads/2019/10/media_090.jpg]
[syra.pikarthouse.com/wp-content/uploads/2019/10/media_090-1024x683.jpg]
[syra.pikarthouse.com/wp-content/uploads/2019/10/media_091.jpg]
[syra.pikarthouse.com/wp-content/uploads/2019/10/media_091-683x1024.jpg]
[syra.pikarthouse.com/wp-content/uploads/2019/10/media_092.jpg]
[syra.pikarthouse.com/wp-content/uploads/2019/10/media_092-683x1024.jpg]
[syra.pikarthouse.com/wp-content/uploads/2019/10/media_093.jpg]
[syra.pikarthouse.com/wp-content/uploads/2019/10/media_093-683x1024.jpg]
[syra.pikarthouse.com/wp-content/uploads/2019/10/media_094.jpg]
[syra.pikarthouse.com/wp-content/uploads/2019/10/media_094-683x1024.jpg]
[syra.pikarthouse.com/wp-content/uploads/2019/10/media_095.jpg]
[syra.pikarthouse.com/wp-content/uploads/2019/10/media_095-683x1024.jpg]
[syra.pikarthouse.com/project/daily-habitat/index.html]
[syra.pikarthouse.com/project/daily-habitat/indexa2f2.html]
[syra.pikarthouse.com/project/daily-habitat/index21e4.html]
[syra.pikarthouse.com/project/daily-habitat/indexa3a3.html]
[syra.pikarthouse.com/wp-json/oembed/1.0/embedc117.json]
[syra.pikarthouse.com/project/fashion-exhibition/feed/index.html]
[syra.pikarthouse.com/wp-json/oembed/1.0/embedf217]
[syra.pikarthouse.com/wp-content/uploads/2019/10/media_071.jpg]
[syra.pikarthouse.com/wp-content/uploads/2019/11/media_128.jpg]
[syra.pikarthouse.com/wp-content/uploads/2019/11/media_130.jpg]
[syra.pikarthouse.com/wp-content/uploads/2019/10/media_099.jpg]
[syra.pikarthouse.com/project/fashion-exhibition/index.html]
[syra.pikarthouse.com/project/fashion-exhibition/indexed49.html]
[syra.pikarthouse.com/project/fashion-exhibition/index027c.html]
[syra.pikarthouse.com/wp-json/oembed/1.0/embed1007.json]
[syra.pikarthouse.com/project/maya-stepper/feed/index.html]
[syra.pikarthouse.com/wp-json/oembed/1.0/embede864]
[syra.pikarthouse.com/wp-content/uploads/2019/10/media_100.jpg]
[syra.pikarthouse.com/wp-content/uploads/2019/10/media_101.jpg]
[syra.pikarthouse.com/wp-content/uploads/2019/10/media_102.jpg]
[syra.pikarthouse.com/project/maya-stepper/index.html]
[syra.pikarthouse.com/project/maya-stepper/indexb901.html]
[syra.pikarthouse.com/project/maya-stepper/indexbed3.html]
[syra.pikarthouse.com/wp-json/oembed/1.0/embed3d5f.json]
[syra.pikarthouse.com/project/poster-collection/feed/index.html]
[syra.pikarthouse.com/wp-json/oembed/1.0/embed7338]
[syra.pikarthouse.com/project/poster-collection/index.html]
[syra.pikarthouse.com/project/poster-collection/index740f.html]
[syra.pikarthouse.com/project/poster-collection/indexcff9.html]
[syra.pikarthouse.com/wp-content/plugins/elementor/assets/lib/eicons/fonts/eiconsdb5f.eot]
[syra.pikarthouse.com/wp-content/cache/autoptimize/1/css/autoptimize_3fea5078ac2d75f6f8f788e2914b55af.css]
[syra.pikarthouse.com/wp-content/cache/autoptimize/1/css/autoptimize_single_8d20a0fee59b2392d59a6b46fe11432cc005.css]
[syra.pikarthouse.com/index4faf.html]
[syra.pikarthouse.com/wp-json/oembed/1.0/embed9044.json]
[syra.pikarthouse.com/project/abstract-life/feed/index.html]
[syra.pikarthouse.com/wp-json/oembed/1.0/embed1046]
[syra.pikarthouse.com/project/abstract-life/index.html]
[syra.pikarthouse.com/wp-json/oembed/1.0/embed0f0d.json]
[syra.pikarthouse.com/project/smart-workspace/feed/index.html]
[syra.pikarthouse.com/wp-json/oembed/1.0/embedd73d]
[syra.pikarthouse.com/project/smart-workspace/index.html]
[syra.pikarthouse.com/wp-json/oembed/1.0/embed3534.json]
[syra.pikarthouse.com/project/underwater/feed/index.html]
[syra.pikarthouse.com/wp-json/oembed/1.0/embedd769]
[syra.pikarthouse.com/project/underwater/index.html]
[syra.pikarthouse.com/index756f.html]
[syra.pikarthouse.com/wp-json/oembed/1.0/embed303e.json]
[syra.pikarthouse.com/project/blonde-beauty/feed/index.html]
[syra.pikarthouse.com/wp-json/oembed/1.0/embedb17f]
[syra.pikarthouse.com/project/blonde-beauty/index.html]
[syra.pikarthouse.com/project-category/exhibition/index.html]
[syra.pikarthouse.com/wp-json/oembed/1.0/embed9424.json]
[syra.pikarthouse.com/project/upside-down/feed/index.html]
[syra.pikarthouse.com/wp-json/oembed/1.0/embedf079]
[syra.pikarthouse.com/project/upside-down/index.html]
[syra.pikarthouse.com/tag/abstract/index.html]
[syra.pikarthouse.com/tag/beauty/index.html]
[syra.pikarthouse.com/tag/bold/index.html]
[syra.pikarthouse.com/tag/abstract/page/2/index.html]
[syra.pikarthouse.com/tag/branding/index.html]
[syra.pikarthouse.com/tag/beauty/feed/index.html]
[syra.pikarthouse.com/tag/abstract/feed/index.html]
[syra.pikarthouse.com/tag/bold/feed/index.html]
[syra.pikarthouse.com/tag/branding/feed/index.html]
[syra.pikarthouse.com/tag/cool/index.html]
[syra.pikarthouse.com/tag/creative/index.html]
[syra.pikarthouse.com/tag/cool/feed/index.html]
[syra.pikarthouse.com/tag/creative/feed/index.html]
[syra.pikarthouse.com/tag/creative/page/2/index.html]
[syra.pikarthouse.com/tag/editorial/index.html]
[syra.pikarthouse.com/tag/editorial/feed/index.html]
[syra.pikarthouse.com/tag/hobby/index.html]
[syra.pikarthouse.com/tag/editorial/page/2/index.html]
[syra.pikarthouse.com/tag/hobby/feed/index.html]
[syra.pikarthouse.com/tag/identity/index.html]
[syra.pikarthouse.com/my-blogging-story/index.html]
[syra.pikarthouse.com/tag/light/index.html]
[syra.pikarthouse.com/tag/identity/feed/index.html]
[syra.pikarthouse.com/tag/magazine/index.html]
[syra.pikarthouse.com/tag/light/feed/index.html]
[syra.pikarthouse.com/tag/light/page/2/index.html]
[syra.pikarthouse.com/tag/magazine/feed/index.html]
[syra.pikarthouse.com/tag/magazine/page/2/index.html]
[syra.pikarthouse.com/tag/model/index.html]
[syra.pikarthouse.com/tag/model/feed/index.html]
[syra.pikarthouse.com/tag/travel/index.html]
[syra.pikarthouse.com/tag/travel/feed/index.html]
[syra.pikarthouse.com/tag/travel/page/2/index.html]
[syra.pikarthouse.com/tag/typography/index.html]
[syra.pikarthouse.com/tag/typography/feed/index.html]
[syra.pikarthouse.com/tag/visual/index.html]
[syra.pikarthouse.com/tag/visual/feed/index.html]
[syra.pikarthouse.com/tag/visual/page/2/index.html]
[syra.pikarthouse.com/wp-json/oembed/1.0/embeddec0.json]
[syra.pikarthouse.com/physics-and-lyrics/feed/index.html]
[syra.pikarthouse.com/wp-json/oembed/1.0/embed1983]
[syra.pikarthouse.com/wp-content/uploads/2019/10/media_111.jpg]
[syra.pikarthouse.com/wp-content/uploads/2019/10/media_111-683x1024.jpg]
[syra.pikarthouse.com/physics-and-lyrics/index.html]
[syra.pikarthouse.com/category/lifestyle/index.html]
[syra.pikarthouse.com/category/magazine/index.html]
[syra.pikarthouse.com/category/photography/index.html]
[syra.pikarthouse.com/wp-json/oembed/1.0/embeda784.json]
[syra.pikarthouse.com/author/admin/index.html]
[syra.pikarthouse.com/physics-and-lyrics/index5dd2.html]
[syra.pikarthouse.com/physics-and-lyrics/index129f.html]
[syra.pikarthouse.com/wp-json/oembed/1.0/embed2de4]
[syra.pikarthouse.com/birth-of-fashion/feed/index.html]
[syra.pikarthouse.com/physics-and-lyrics/indexbbac.html]
[syra.pikarthouse.com/birth-of-fashion/index.html]
[syra.pikarthouse.com/category/fashion/index.html]
[syra.pikarthouse.com/birth-of-fashion/index28b4.html]
[syra.pikarthouse.com/birth-of-fashion/index2166.html]
[syra.pikarthouse.com/my-blogging-success-story/feed/index.html]
[syra.pikarthouse.com/wp-content/uploads/2019/10/media_112.jpg]
[syra.pikarthouse.com/wp-content/uploads/2019/10/media_113.jpg]
[syra.pikarthouse.com/wp-content/uploads/2019/10/media_114.jpg]
[syra.pikarthouse.com/wp-content/uploads/2019/10/media_115.jpg]
[syra.pikarthouse.com/my-blogging-success-story/index.html]
[syra.pikarthouse.com/category/minimal/index.html]
[syra.pikarthouse.com/wp-json/oembed/1.0/embed563f.json]
[syra.pikarthouse.com/the-pattern-game/feed/index.html]
[syra.pikarthouse.com/wp-json/oembed/1.0/embed95d9]
[syra.pikarthouse.com/wp-content/uploads/2019/10/media_117.jpg]
[syra.pikarthouse.com/wp-content/uploads/2019/10/media_058-1024x1024.jpg]
[syra.pikarthouse.com/the-pattern-game/index.html]
[syra.pikarthouse.com/the-pattern-game/index504c.html]
[syra.pikarthouse.com/the-pattern-game/index172f.html]
[syra.pikarthouse.com/the-pattern-game/indexa3c0.html]
[syra.pikarthouse.com/the-pattern-game/indexa2b6.html]
[syra.pikarthouse.com/wp-json/oembed/1.0/embed0ae5.json]
[syra.pikarthouse.com/hobbies-are-vital/feed/index.html]
[syra.pikarthouse.com/wp-json/oembed/1.0/embed7ad1]
[syra.pikarthouse.com/wp-content/uploads/2019/10/media_116.jpg]
[syra.pikarthouse.com/wp-content/uploads/2019/10/media_037_.jpg]
[syra.pikarthouse.com/hobbies-are-vital/index.html]
[syra.pikarthouse.com/2019/07/index.html]
[syra.pikarthouse.com/indexfc21.html]
[syra.pikarthouse.com/2019/06/index.html]
[syra.pikarthouse.com/hobbies-are-vital/index6f0d.html]
[syra.pikarthouse.com/hobbies-are-vital/index2096.html]
[syra.pikarthouse.com/2019/07/04/index.html]
[syra.pikarthouse.com/2019/07/21/index.html]
[syra.pikarthouse.com/wp-content/cache/autoptimize/1/css/autoptimize_46bef2abdd4c841a4852e6e74664b368.css]
[syra.pikarthouse.com/index4ab3.html]
[syra.pikarthouse.com/index8b4e.html]
[syra.pikarthouse.com/journal/index120d.html]
[syra.pikarthouse.com/journal/index9d9e.html]
[syra.pikarthouse.com/journal/index14f1.html]
[syra.pikarthouse.com/journal/index0662.html]
[syra.pikarthouse.com/journal/index6c54.html]
[syra.pikarthouse.com/wp-json/oembed/1.0/embed5c00.json]
[syra.pikarthouse.com/delights-of-exploring/feed/index.html]
[syra.pikarthouse.com/wp-json/oembed/1.0/embed7f3f]
[syra.pikarthouse.com/delights-of-exploring/index.html]
[syra.pikarthouse.com/delights-of-exploring/index0c48.html]
[syra.pikarthouse.com/delights-of-exploring/index1b7b.html]
[syra.pikarthouse.com/wp-json/oembed/1.0/embed4460.json]
[syra.pikarthouse.com/public-art-festival/feed/index.html]
[syra.pikarthouse.com/wp-json/oembed/1.0/embedd339]
[syra.pikarthouse.com/wp-content/uploads/2019/10/media_118-1024x683.jpg]
[syra.pikarthouse.com/wp-content/uploads/2019/10/media_119-1024x683.jpg]
[syra.pikarthouse.com/public-art-festival/index.html]
[syra.pikarthouse.com/wp-json/oembed/1.0/embed815a.json]
[syra.pikarthouse.com/public-art-festival/index8528.html]
[syra.pikarthouse.com/launch-career-in-fashion/feed/index.html]
[syra.pikarthouse.com/public-art-festival/index5602.html]
[syra.pikarthouse.com/wp-json/oembed/1.0/embed6bda]
[syra.pikarthouse.com/launch-career-in-fashion/index.html]
[syra.pikarthouse.com/launch-career-in-fashion/indexa129.html]
[syra.pikarthouse.com/launch-career-in-fashion/indexfdcf.html]
[syra.pikarthouse.com/wp-json/oembed/1.0/embede09c.json]
[syra.pikarthouse.com/pure-imagination/feed/index.html]
[syra.pikarthouse.com/wp-json/oembed/1.0/embeda342]
[syra.pikarthouse.com/pure-imagination/index.html]
[syra.pikarthouse.com/wp-json/oembed/1.0/embed66eb.json]
[syra.pikarthouse.com/inspired-by-nature/feed/index.html]
[syra.pikarthouse.com/pure-imagination/index616c.html]
[syra.pikarthouse.com/pure-imagination/indexdcee.html]
[syra.pikarthouse.com/wp-json/oembed/1.0/embed5034]
[syra.pikarthouse.com/wp-content/uploads/2019/10/media_120.jpg]
[syra.pikarthouse.com/wp-content/uploads/2019/10/media_121.jpg]
[syra.pikarthouse.com/wp-content/uploads/2019/10/media_122.jpg]
[syra.pikarthouse.com/inspired-by-nature/index.html]
[syra.pikarthouse.com/journal/page/2/index.html]
[syra.pikarthouse.com/wp-content/cache/autoptimize/1/css/autoptimize_e6665f5e0d7738ab9a7be51a837c8717.css]
[syra.pikarthouse.com/indexc5de.html]
[syra.pikarthouse.com/parallax-blog/index120d.html]
[syra.pikarthouse.com/parallax-blog/index9d9e.html]
[syra.pikarthouse.com/parallax-blog/index14f1.html]
[syra.pikarthouse.com/parallax-blog/index6c54.html]
[syra.pikarthouse.com/inspired-by-nature/indexfa40.html]
[syra.pikarthouse.com/inspired-by-nature/index360b.html]
[syra.pikarthouse.com/wp-json/oembed/1.0/embeda5de.json]
[syra.pikarthouse.com/pop-art-movement/feed/index.html]
[syra.pikarthouse.com/wp-json/oembed/1.0/embed24b6]
[syra.pikarthouse.com/pop-art-movement/index.html]
[syra.pikarthouse.com/wp-json/oembed/1.0/embed4e8e.json]
[syra.pikarthouse.com/report-writing/feed/index.html]
[syra.pikarthouse.com/wp-json/oembed/1.0/embedc4e8]
[syra.pikarthouse.com/report-writing/index.html]
[syra.pikarthouse.com/wp-json/oembed/1.0/embed153f.json]
[syra.pikarthouse.com/music-as-medicine/feed/index.html]
[syra.pikarthouse.com/wp-json/oembed/1.0/embedf6b2]
[syra.pikarthouse.com/wp-content/uploads/2019/10/media_101-1024x683.jpg]
[syra.pikarthouse.com/music-as-medicine/index.html]
[syra.pikarthouse.com/indexc61d.html]
[syra.pikarthouse.com/project/design-thinking/index06ab.html]
[syra.pikarthouse.com/project/design-thinking/indexf970.html]
[syra.pikarthouse.com/project/design-thinking/index954a.html]
[syra.pikarthouse.com/project/design-thinking/index745d.html]
[syra.pikarthouse.com/indexd0b8.html]
[syra.pikarthouse.com/project/vivid-romance/index1dff.html]
[syra.pikarthouse.com/project/vivid-romance/index2320.html]
[syra.pikarthouse.com/indexc544.html]
[syra.pikarthouse.com/index7d69.html]
[syra.pikarthouse.com/project/pure-fantasy/index094c.html]
[syra.pikarthouse.com/project/pure-fantasy/index06b6.html]
[syra.pikarthouse.com/wp-content/cache/autoptimize/1/css/autoptimize_1f969ab922321bb733563b7756172632.css]
[syra.pikarthouse.com/index1031.html]
[syra.pikarthouse.com/project-category/advertising/index.html]
[syra.pikarthouse.com/project-category/concept/index.html]
[syra.pikarthouse.com/project/stories-for-monday/indexb951.html]
[syra.pikarthouse.com/project/stories-for-monday/index5a86.html]
[syra.pikarthouse.com/project/stories-for-monday/indexa82a.html]
[syra.pikarthouse.com/index8844.html]
[syra.pikarthouse.com/project/abstract-space/indexfaf1.html]
[syra.pikarthouse.com/project/abstract-space/index3ed4.html]
[syra.pikarthouse.com/project/abstract-space/index2e08.html]
[syra.pikarthouse.com/index90b2.html]
[syra.pikarthouse.com/project-category/fashion/index.html]
[syra.pikarthouse.com/project-category/print/index.html]
[syra.pikarthouse.com/project-category/advertising/feed/index.html]
[syra.pikarthouse.com/project-category/concept/feed/index.html]
[syra.pikarthouse.com/project-category/fashion/feed/index.html]
[syra.pikarthouse.com/project-category/print/feed/index.html]
[syra.pikarthouse.com/project/dreaming-the-heights/indexdb9d.html]
[syra.pikarthouse.com/project/dreaming-the-heights/indexd61b.html]
[syra.pikarthouse.com/project/dreaming-the-heights/index46e3.html]
[syra.pikarthouse.com/indexf454.html]
[syra.pikarthouse.com/project/lucis-secrets/indexec27.html]
[syra.pikarthouse.com/project/lucis-secrets/indexdefb.html]
[syra.pikarthouse.com/indexf167.html]
[syra.pikarthouse.com/project/design-concept/index7693.html]
[syra.pikarthouse.com/project/design-concept/index3171.html]
[syra.pikarthouse.com/indexdd01.html]
[syra.pikarthouse.com/project-category/stories/index.html]
[syra.pikarthouse.com/project-category/stories/feed/index.html]
[syra.pikarthouse.com/project/infinity-branding/index6d69.html]
[syra.pikarthouse.com/project/infinity-branding/index3d09.html]
[syra.pikarthouse.com/project/infinity-branding/index61aa.html]
[syra.pikarthouse.com/project/infinity-branding/index2636.html]
[syra.pikarthouse.com/project/infinity-branding/indexc916.html]
[syra.pikarthouse.com/wp-content/cache/autoptimize/1/css/autoptimize_731e608777c49cbba7cb6d8d1af20f65.css]
[syra.pikarthouse.com/index52e8.html]
[syra.pikarthouse.com/project/nocturnal-typeface/index5cd6.html]
[syra.pikarthouse.com/project/nocturnal-typeface/index5785.html]
[syra.pikarthouse.com/index65a9.html]
[syra.pikarthouse.com/project/photo-guidance/index0a88.html]
[syra.pikarthouse.com/project/photo-guidance/indexf73b.html]
[syra.pikarthouse.com/project/photo-guidance/index39ab.html]
[syra.pikarthouse.com/project/photo-guidance/index9e16.html]
[syra.pikarthouse.com/project/photo-guidance/indexb621.html]
[syra.pikarthouse.com/index3e8e.html]
[syra.pikarthouse.com/project/daily-habitat/indexa2f2.html]
[syra.pikarthouse.com/project/daily-habitat/index21e4.html]
[syra.pikarthouse.com/project/daily-habitat/indexa3a3.html]
[syra.pikarthouse.com/wp-content/cache/autoptimize/1/css/autoptimize_567e496f9da56c3fce59c5c2fa6f863e.css]
[syra.pikarthouse.com/index89a1.html]
[syra.pikarthouse.com/project/fashion-exhibition/indexed49.html]
[syra.pikarthouse.com/project/fashion-exhibition/index027c.html]
[syra.pikarthouse.com/index820e.html]
[syra.pikarthouse.com/project/maya-stepper/indexb901.html]
[syra.pikarthouse.com/project/maya-stepper/indexbed3.html]
[syra.pikarthouse.com/index5c93.html]
[syra.pikarthouse.com/project/poster-collection/index740f.html]
[syra.pikarthouse.com/project/poster-collection/indexcff9.html]
[syra.pikarthouse.com/xmlrpc0db0.html]
[syra.pikarthouse.com/index77e5.html]
[syra.pikarthouse.com/index6654.html]
[syra.pikarthouse.com/index5f74.html]
[syra.pikarthouse.com/index7e89.html]
[syra.pikarthouse.com/project-category/exhibition/index.html]
[syra.pikarthouse.com/project-category/exhibition/feed/index.html]
[syra.pikarthouse.com/index2e47.html]
[syra.pikarthouse.com/tag/abstract/page/2/index.html]
[syra.pikarthouse.com/tag/creative/page/2/index.html]
[syra.pikarthouse.com/tag/editorial/page/2/index.html]
[syra.pikarthouse.com/my-blogging-story/feed/index.html]
[syra.pikarthouse.com/wp-json/oembed/1.0/embed5fba.json]
[syra.pikarthouse.com/wp-json/oembed/1.0/embedf5a7]
[syra.pikarthouse.com/my-blogging-story/index.html]
[syra.pikarthouse.com/tag/light/page/2/index.html]
[syra.pikarthouse.com/tag/magazine/page/2/index.html]
[syra.pikarthouse.com/tag/travel/page/2/index.html]
[syra.pikarthouse.com/tag/visual/page/2/index.html]
[syra.pikarthouse.com/index0133.html]
[syra.pikarthouse.com/category/lifestyle/index.html]
[syra.pikarthouse.com/category/magazine/index.html]
[syra.pikarthouse.com/my-blogging-story/index7935.html]
[syra.pikarthouse.com/my-blogging-story/index7653.html]
[syra.pikarthouse.com/category/photography/index.html]
[syra.pikarthouse.com/category/magazine/feed/index.html]
[syra.pikarthouse.com/author/admin/index.html]
[syra.pikarthouse.com/category/lifestyle/feed/index.html]
[syra.pikarthouse.com/category/photography/feed/index.html]
[syra.pikarthouse.com/author/admin/feed/index.html]
[syra.pikarthouse.com/physics-and-lyrics/index5dd2.html]
[syra.pikarthouse.com/author/admin/page/2/index.html]
[syra.pikarthouse.com/physics-and-lyrics/index129f.html]
[syra.pikarthouse.com/physics-and-lyrics/indexbbac.html]
[syra.pikarthouse.com/index6cd9.html]
[syra.pikarthouse.com/category/fashion/index.html]
[syra.pikarthouse.com/category/fashion/feed/index.html]
[syra.pikarthouse.com/birth-of-fashion/index28b4.html]
[syra.pikarthouse.com/birth-of-fashion/index2166.html]
[syra.pikarthouse.com/index9fa1.html]
[syra.pikarthouse.com/wp-json/oembed/1.0/embed03cf.json]
[syra.pikarthouse.com/wp-json/oembed/1.0/embed3c65]
[syra.pikarthouse.com/category/minimal/index.html]
[syra.pikarthouse.com/my-blogging-success-story/index7935.html]
[syra.pikarthouse.com/my-blogging-success-story/index7653.html]
[syra.pikarthouse.com/index9a88.html]
[syra.pikarthouse.com/the-pattern-game/index504c.html]
[syra.pikarthouse.com/the-pattern-game/index172f.html]
[syra.pikarthouse.com/the-pattern-game/indexa3c0.html]
[syra.pikarthouse.com/the-pattern-game/indexa2b6.html]
[syra.pikarthouse.com/index78d6.html]
[syra.pikarthouse.com/hobbies-are-vital/index6f0d.html]
[syra.pikarthouse.com/hobbies-are-vital/index2096.html]
[syra.pikarthouse.com/category/minimal/feed/index.html]
[syra.pikarthouse.com/2019/06/index.html]
[syra.pikarthouse.com/2019/07/04/index.html]
[syra.pikarthouse.com/2019/05/index.html]
[syra.pikarthouse.com/2019/07/21/index.html]
[syra.pikarthouse.com/index1639.html]
[syra.pikarthouse.com/delights-of-exploring/index0c48.html]
[syra.pikarthouse.com/delights-of-exploring/index1b7b.html]
[syra.pikarthouse.com/wp-content/cache/autoptimize/1/css/autoptimize_9178267a065aba69008a632d8001d1b6.css]
[syra.pikarthouse.com/index5e74.html]
[syra.pikarthouse.com/2019/06/08/index.html]
[syra.pikarthouse.com/public-art-festival/index8528.html]
[syra.pikarthouse.com/public-art-festival/index5602.html]
[syra.pikarthouse.com/index04cd.html]
[syra.pikarthouse.com/launch-career-in-fashion/indexa129.html]
[syra.pikarthouse.com/launch-career-in-fashion/indexfdcf.html]
[syra.pikarthouse.com/indexa8b8.html]
[syra.pikarthouse.com/pure-imagination/indexdcee.html]
[syra.pikarthouse.com/pure-imagination/index616c.html]
[syra.pikarthouse.com/index2cf9.html]
[syra.pikarthouse.com/inspired-by-nature/indexfa40.html]
[syra.pikarthouse.com/inspired-by-nature/index360b.html]
[syra.pikarthouse.com/indexa63d.html]
[syra.pikarthouse.com/index2648.html]
[syra.pikarthouse.com/indexd21a.html]
[syra.pikarthouse.com/contact/index.html]
[syra.pikarthouse.com/wp-content/plugins/contact-form-7/images/ajax-loader.gif]
[syra.pikarthouse.com/my-blogging-story/index7935.html]
[syra.pikarthouse.com/my-blogging-story/index7653.html]
[syra.pikarthouse.com/author/admin/page/2/index.html]
[syra.pikarthouse.com/wp-login.html]
[syra.pikarthouse.com/2019/05/index.html]
[syra.pikarthouse.com/2019/06/08/index.html]
[syra.pikarthouse.com/2019/04/index.html]
[syra.pikarthouse.com/2019/04/index.html]
[syra.pikarthouse.com/2019/05/22/index.html]
[syra.pikarthouse.com/2019/05/22/index.html]
[syra.pikarthouse.com/2019/03/index.html]
[syra.pikarthouse.com/2019/03/index.html]
[syra.pikarthouse.com/2019/04/01/index.html]
[syra.pikarthouse.com/2019/04/01/index.html]
[syra.pikarthouse.com/2019/02/index.html]
[syra.pikarthouse.com/2019/03/21/index.html]
[syra.pikarthouse.com/2019/04/09/index.html]
[syra.pikarthouse.com/2019/04/09/index.html]
[syra.pikarthouse.com/2019/02/index.html]
[syra.pikarthouse.com/2019/03/24/index.html]
[syra.pikarthouse.com/2019/03/02/index.html]
[syra.pikarthouse.com/2019/03/02/index.html]
[syra.pikarthouse.com/2019/03/25/index.html]
[syra.pikarthouse.com/2019/03/21/index.html]
[syra.pikarthouse.com/2019/03/28/index.html]
[syra.pikarthouse.com/2019/03/24/index.html]
[syra.pikarthouse.com/2019/03/25/index.html]
[syra.pikarthouse.com/2019/03/28/index.html]
[syra.pikarthouse.com/2019/01/index.html]
[syra.pikarthouse.com/2019/01/index.html]
[syra.pikarthouse.com/2019/02/14/index.html]
[syra.pikarthouse.com/2019/02/14/index.html]
[syra.pikarthouse.com/2019/01/06/index.html]
[syra.pikarthouse.com/2019/01/06/index.html]
